exports[`test should render a list of members of an organization 1`] = `
<table
  className="data zebra">
  <tbody>
    <MembersListItem
      organization={
        Object {
          "key": "foo",
          "name": "Foo",
        }
      }
      user={
        Object {
          "avatar": "",
          "groupCount": 3,
          "login": "admin",
          "name": "Admin Istrator",
        }
      } />
    <MembersListItem
      organization={
        Object {
          "key": "foo",
          "name": "Foo",
        }
      }
      user={
        Object {
          "avatar": "7daf6c79d4802916d83f6266e24850af",
          "groupCount": 1,
          "login": "john",
          "name": "John Doe",
        }
      } />
  </tbody>
</table>
`;
